hits-likely-05-07-19-26-11/copy_639_reduced_639_default-initializer_F10_P639_1_M1.p4(47): [--Wwarn=unused] warning: Control C is not used; removing
control C(out bit<32> x)() {
        ^
[--Wwarn=missing] warning: Program does not contain a `main' module
