hits-likely-05-07-19-26-11/copy_717_reduced_991_issue2795_F7_P991_2_M0.p4(22): [--Wwarn=unused] warning: Control c is not used; removing
control c(packet_out p)() {
        ^
[--Wwarn=missing] warning: Program does not contain a `main' module
