hits-likely-05-07-19-26-11/reduced_846_issue4661_pure_extern_function_const_args_F1_P846_2_M0.p4(2): [--Wwarn=unused] warning: Control c is not used; removing
      control c()() {
              ^
[--Wwarn=missing] warning: Program does not contain a `main' module
