hits-likely-05-07-19-26-11/reduced_738_checksum1-bmv2_F1_P504_2_M0.p4(25): [--Wwarn=unused] warning: Control cEgress is not used; removing
control cEgress(inout headers hdr, inout metadata meta, inout standard_metadata_t stdmeta)() {
        ^^^^^^^
[--Wwarn=missing] warning: Program does not contain a `main' module
