hits-likely-05-07-19-26-11/reduced_643_default-initializer_F1_P643_2_M0.p4(7): [--Wwarn=unused] warning: Control C is not used; removing
 control C(out bit<32> x)() {
         ^
[--Wwarn=missing] warning: Program does not contain a `main' module
