likely_hits/r_1268_methodArgDontcare.p4(1): [--Wwarn=unused] warning: 'T' is unused
extern E<T> {
         ^
likely_hits/r_1268_methodArgDontcare.p4(4): [--Wwarn=unused] warning: Control c is not used; removing
   control c() {
           ^
[--Wwarn=missing] warning: Program does not contain a `main' module
