In file: /p4c/frontends/p4/typeChecking/typeChecker.cpp:547
Compiler Bug: Unknown destination type

