likely_hits/r_647_r_645_default-initializer_F10_P645_3_M0.p4(3): [--Wwarn=unused] warning: Control C is not used; removing
    control C(out bit<32> x)() {
            ^
[--Wwarn=missing] warning: Program does not contain a `main' module
