likely_hits/r_644_r_642_default-initializer_F10_P642_5_M2.p4(3): [--Wwarn=unused] warning: Control C is not used; removing
   control C(out bit<32> x)() {
           ^
[--Wwarn=missing] warning: Program does not contain a `main' module
