likely_hits/r_678_r_175_issue3616_F10_P175_6_M0.p4(2): [--Werror=type-error] error: '(bool)Invalid'
a = ((bool) ({#})),
     ^^^^^^^^^^^^
  ---- Actual error:
  likely_hits/r_678_r_175_issue3616_F10_P175_6_M0.p4(2): Cannot unify type 'Unknown type' with type 'bool'
  a = ((bool) ({#})),
        ^^^^
  ---- Originating from:
  likely_hits/r_678_r_175_issue3616_F10_P175_6_M0.p4(2): Cannot cast from 'Unknown type' to 'bool'
  a = ((bool) ({#})),
        ^^^^
In file: /p4c/frontends/p4/typeChecking/typeChecker.cpp:172
Compiler Bug: /p4c/frontends/p4/typeChecking/typeChecker.cpp:172: Null srcType

