likely_hits/r_709_r_279_issue2265-1_F10_P279_12_M1.p4(2): [--Wwarn=unused] warning: Control c is not used; removing
     control c()() {
             ^
[--Wwarn=missing] warning: Program does not contain a `main' module
