In file: /p4c/frontends/p4/typeChecking/typeUnification.cpp:414
Compiler Bug: /p4c/frontends/p4/typeChecking/typeUnification.cpp:414: Null dotsField

