likely_hits/r_715_r_494_issue1863_F10_P494_4_M0.p4(3): [--Wwarn=unused] warning: Control c is not used; removing
    control c(out bit<1> b)() {
            ^
[--Wwarn=missing] warning: Program does not contain a `main' module
