likely_hits/r_718_r_718_default-initializer_F10_P718_3_M0.p4(7): [--Wwarn=unused] warning: Control C is not used; removing
        control C(out bit<32> x)() {
                ^
[--Wwarn=missing] warning: Program does not contain a `main' module
