likely_hits/r_718_r_494_issue2795_F10_P494_4_M0.p4(8): [--Wwarn=unused] warning: Control c is not used; removing
        control c(packet_out p)() {
                ^
[--Wwarn=missing] warning: Program does not contain a `main' module
