likely_hits/r_744_r_44_inverted-range_F10_P44_2_M2.p4(2): [--Werror=type-error] error: Cannot apply ! to value ... of type ANYTYPE
 b = !..., o = 1 };
      ^^^
likely_hits/r_744_r_44_inverted-range_F10_P44_2_M2.p4(2): [--Werror=type-error] error: Cannot apply ! to value ... of type ANYTYPE
 b = !..., o = 1 };
      ^^^
likely_hits/r_744_r_44_inverted-range_F10_P44_2_M2.p4(2): [--Werror=type-error] error: Error while analyzing !...
 b = !..., o = 1 };
     ^^^^
In file: /p4c/frontends/p4/typeChecking/typeChecker.cpp:172
Compiler Bug: /p4c/frontends/p4/typeChecking/typeChecker.cpp:172: Null srcType

