likely_hits/r_753_div3.p4(1): [--Wwarn=unused] warning: Control c is not used; removing
control c(inout bit<8> a) {
        ^
[--Wwarn=missing] warning: Program does not contain a `main' module
