likely_hits/r_777_r_619_list2_F10_P619_1_M0.p4(4): [--Wwarn=unused] warning: Control c is not used; removing
        control c()() {
                ^
[--Wwarn=missing] warning: Program does not contain a `main' module
