likely_hits/r_868_r_915_pvs-bitstring-bmv2_F9_P915_5_M0.p4(9): [--Wwarn=unused] warning: Parser MyParser is not used; removing
          parser MyParser(packet_in b, out my_packet p, inout my_metadata m, inout standard_metad...
                 ^^^^^^^^
[--Wwarn=missing] warning: Program does not contain a `main' module
