likely_hits/r_900_r_785_tuple4_F10_P785_1_M0.p4(1): [--Wwarn=unused] warning: Control c is not used; removing
control c(out bit<16> r)() {
        ^
[--Wwarn=missing] warning: Program does not contain a `main' module
