likely_hits/r_910_r_18_issue3672_F9_P18_0_M1.p4(1): [--Wwarn=unused] warning: Control c is not used; removing
control c()() {
        ^
[--Wwarn=missing] warning: Program does not contain a `main' module
