----- Covered (338/1275[26.51%]) -----
* CParamType_wf
265 

* CParamTypes_wf
266 

* CParam_ok
870 

* Call_action_partial_ok
1180 

* Call_convention_arg_ok
963 966 

* Call_convention_ok
954 955 956 957 958 959 960 

* Call_default_action_ok
1225 1226 

* Call_ok
987 990 992 995 1001 1002 1008 1012 1013 
1017 1022 1023 1027 1034 1044 

* Call_site_ok
967 968 969 972 973 974 976 978 980 
981 

* ConsDef_wf
278 280 283 284 286 287 289 

* ConsType_ok
1076 

* ConsType_wf
268 269 272 273 276 277 

* Decl_ok
874 875 878 879 882 888 889 890 891 
893 894 896 900 903 904 905 907 908 909 
910 912 916 918 922 925 932 938 949 950 


* Expr_ok
745 746 757 759 761 762 765 768 771 
778 780 785 786 788 791 794 795 797 799 
803 804 808 809 810 812 814 815 817 818 
819 820 821 822 824 825 826 827 829 830 


* FuncDef_wf
259 262 

* FuncType_ok
1045 

* FuncType_wf
241 242 244 246 247 248 251 252 254 
255 

* Inst_ok
1088 1089 1090 1096 1097 1098 1099 1102 1103 
1104 

* Inst_site_ok
1084 

* Lval_ok
832 836 

* MethodType_ok
1046 1047 1051 1054 1059 1060 1061 1066 1075 


* Method_ok
1165 1167 1171 1175 

* ParamType_wf
230 233 

* ParamTypes_wf
235 

* Param_ok
866 868 

* Select_case_keyset_ok
1129 1130 1131 

* Stmt_ok
839 851 852 853 854 855 856 857 859 
861 862 863 864 

* Sub_expl
601 

* Sub_expl_canon
602 

* Sub_expl_canon_neq
604 606 607 609 610 660 666 667 668 
670 671 674 677 679 682 

* Sub_impl
683 

* Sub_impl_canon
684 

* Sub_impl_canon_neq
686 687 722 729 731 737 739 741 744 


* Switch_tbl_label_ok
1144 1145 1146 1147 

* Table_action_ok
1182 

* Table_custom_ok
1252 1253 

* Table_default_ok
1246 

* Table_entries_ok
1245 

* Table_entry_keyset_ok
1192 1196 1198 1199 1207 1214 1215 

* Table_entry_keysets_ok
1220 1221 1223 1224 

* Table_entry_priority_ok
1232 1235 1236 1238 1240 1243 

* TypeDef_wf
225 228 

* Type_alpha
45 51 64 81 83 90 94 96 104 
112 113 115 117 123 124 125 126 128 130 
132 134 

* Type_ok
590 593 594 

* Type_wf
182 192 194 199 202 205 208 216 219 
221 222 223 224 

* actions_of_table
573 

* add_funcdef_non_overload
523 525 

* add_styp
508 509 

* add_typdef
513 

* cast_int'
426 427 

* coerce_assign
1125 1126 

* coerce_binary
1119 1120 1122 

* filter_default_args
1255 

* filter_directionless_args
1227 

* find_consdef
559 

* find_func
489 490 491 493 

* find_func_by_name
498 

* find_funcdef
547 549 

* find_funcdef_by_name
553 555 

* find_funcs_by_name
494 

* find_matching_func
474 478 479 

* find_matching_funcs
483 

* find_styp
528 529 532 

* find_typdef
538 539 542 

* find_val
536 537 

* get_lpm_prefix'
563 564 568 

* is_trailing_action'
290 

* join_flow
502 

* keys_of_table
572 

* merge_cstr'
1261 1264 1265 

* reduce_senum_unary
1108 1110 

* reduce_senums_binary
1112 1114 1117 

* resolve_cstrs
1271 1272 1273 

* specialize_consdef
19 

* specialize_funcdef
13 14 15 18 

* specialize_typdef
11 

* to_fkey
546 

* update_fdenv_extern
1160 

----- Uncovered (937/1275[73.49%]) -----
* Block_ok
838 

* CParamType_wf
264 

* CParamTypes_wf
267 

* CParam_ok
871 872 873 

* Call_convention_arg_ok
962 964 965 

* Call_convention_ok
953 961 

* Call_ok
988 989 991 993 994 996 997 998 999 
1000 1003 1004 1005 1006 1007 1009 1010 1011 1014 
1015 1016 1018 1019 1020 1021 1024 1025 1026 1028 
1029 1030 1031 1032 1033 1035 1036 1037 1038 1039 
1040 1041 1042 1043 

* Call_site_ok
970 971 975 977 979 982 983 984 985 
986 

* ConsDef_wf
279 281 282 285 288 

* ConsType_wf
270 271 274 275 

* Decl_ok
876 877 880 881 883 884 885 886 887 
892 895 897 898 899 901 902 906 911 913 
914 915 917 919 920 921 923 924 926 927 
928 929 930 931 933 934 935 936 937 939 
940 941 942 943 944 945 946 947 948 951 
952 

* Eval_static
574 575 576 577 578 579 580 581 582 
583 584 585 586 587 

* Expr_ok
747 748 749 750 751 752 753 754 755 
756 758 760 763 764 766 767 769 770 772 
773 774 775 776 777 779 781 782 783 784 
787 789 790 792 793 796 798 800 801 802 
805 806 807 811 813 816 823 828 

* FuncDef_alpha
166 167 168 169 170 171 

* FuncDef_wf
260 261 263 

* FuncType_alpha
135 136 137 138 139 140 141 142 143 
144 145 146 147 148 149 150 151 152 153 
154 155 156 157 158 159 160 161 162 163 
164 165 

* FuncType_wf
237 238 239 240 243 245 249 250 253 
256 257 258 

* Inst_init_decl_ok
1152 1153 1154 1155 1156 

* Inst_ok
1085 1086 1087 1091 1092 1093 1094 1095 1100 
1101 1105 1106 1107 

* Inst_site_ok
1077 1078 1079 1080 1081 1082 1083 

* Lval_ok
831 833 834 835 837 

* MethodType_ok
1048 1049 1050 1052 1053 1055 1056 1057 1058 
1062 1063 1064 1065 1067 1068 1069 1070 1071 1072 
1073 1074 

* Method_ok
1166 1168 1169 1170 1172 1173 1174 

* ParamType_wf
231 232 234 

* ParamTypes_wf
236 

* Param_ok
867 869 

* ParserState_ok
1176 

* SEnum_field_ok
1163 

* Select_case_keyset_ok
1128 1132 

* Select_case_keysets_ok
1133 1134 1135 1136 

* Select_case_ok
1137 1138 1139 1140 

* Stmt_ok
840 841 842 843 844 845 846 847 848 
849 850 858 860 865 

* Sub_expl_canon_neq
603 605 608 611 612 613 614 615 616 
617 618 619 620 621 622 623 624 625 626 
627 628 629 630 631 632 633 634 635 636 
637 638 639 640 641 642 643 644 645 646 
647 648 649 650 651 652 653 654 655 656 
657 658 659 661 662 663 664 665 669 672 
673 675 676 678 680 681 

* Sub_impl_canon_neq
685 688 689 690 691 692 693 694 695 
696 697 698 699 700 701 702 703 704 705 
706 707 708 709 710 711 712 713 714 715 
716 717 718 719 720 721 723 724 725 726 
727 728 730 732 733 734 735 736 738 740 
742 743 

* Switch_gen_label_ok
1148 1149 1150 1151 

* Switch_tbl_label_ok
1141 1142 1143 

* Table_action_ok
1181 1183 

* Table_actions_ok
1184 

* Table_custom_ok
1247 1248 1249 1250 1251 

* Table_entry_action_ok
1230 

* Table_entry_keyset_ok
1185 1186 1187 1188 1189 1190 1191 1193 1194 
1195 1197 1200 1201 1202 1203 1204 1205 1206 1208 
1209 1210 1211 1212 1213 

* Table_entry_keysets_ok
1218 1219 1222 

* Table_entry_keysets_state_ok
1216 1217 

* Table_entry_priority_ok
1231 1233 1234 1237 1239 1241 1242 1244 

* Table_key_ok
1177 1178 1179 

* Table_type_decl_ok
1254 

* TypeDef_wf
226 227 229 

* Type_alpha
25 26 27 28 29 30 31 32 33 
34 35 36 37 38 39 40 41 42 43 
44 46 47 48 49 50 52 53 54 55 
56 57 58 59 60 61 62 63 65 66 
67 68 69 70 71 72 73 74 75 76 
77 78 79 80 82 84 85 86 87 88 
89 91 92 93 95 97 98 99 100 101 
102 103 105 106 107 108 109 110 111 114 
116 118 119 120 121 122 127 129 131 133 


* Type_ok
588 589 591 592 595 596 597 598 599 
600 

* Type_wf
172 173 174 175 176 177 178 179 180 
181 183 184 185 186 187 188 189 190 191 
193 195 196 197 198 200 201 203 204 206 
207 209 210 211 212 213 214 215 217 218 
220 

* add_consdef
526 527 

* add_funcdef
520 521 522 

* add_funcdef_non_overload
524 

* add_styp
506 507 

* add_styps
510 511 

* add_tparam
517 518 519 

* add_typdef
512 514 

* add_typdefs
515 516 

* align_params_with_args'
1256 

* bin_band
387 388 389 390 391 

* bin_bor
397 398 399 400 401 

* bin_bxor
392 393 394 395 396 

* bin_concat
402 403 404 

* bin_div
319 320 

* bin_eq
361 362 363 364 365 366 367 368 369 
370 371 372 373 374 375 376 377 378 379 
380 381 

* bin_eqs
382 383 

* bin_eqs_
384 385 386 

* bin_ge
343 344 345 346 347 348 

* bin_gt
355 356 357 358 359 360 

* bin_land
405 406 

* bin_le
337 338 339 340 341 342 

* bin_lor
407 408 

* bin_lt
349 350 351 352 353 354 

* bin_minus
307 308 309 310 311 312 

* bin_mod
321 322 

* bin_mul
313 314 315 316 317 318 

* bin_op
300 

* bin_plus
301 302 303 304 305 306 

* bin_shl
323 324 325 326 

* bin_shr
327 328 329 330 331 332 333 334 335 
336 

* bitacc_op
461 

* cast_bool'
421 422 423 424 425 

* cast_fbit'
437 438 439 440 441 442 

* cast_fint'
432 433 434 435 436 

* cast_header'
446 447 448 

* cast_int'
428 429 430 431 

* cast_op
409 

* cast_record'
451 452 453 454 

* cast_seq'
449 450 

* cast_set_mask'
457 458 

* cast_set_range'
459 460 

* cast_set_singleton'
455 456 

* cast_struct'
443 444 445 

* coerce_assign
1127 

* coerce_binary
1121 1123 1124 

* default'
410 411 412 413 414 415 416 417 418 
419 420 

* exit
504 

* filter_directionless_args
1228 1229 

* find_consdef
560 561 562 

* find_func
487 488 492 

* find_func_by_name
499 

* find_funcdef
548 550 551 552 

* find_funcdef_by_name
554 556 557 558 

* find_funcs_by_name
495 496 497 

* find_matching_func
475 476 477 480 481 482 

* find_matching_funcs
484 485 486 

* find_styp
530 531 533 534 535 

* find_typdef
540 541 543 544 545 

* free_typ
1 2 3 4 5 

* gen_cstr_fd'
1258 1259 

* gen_cstrs
1257 

* get_lpm_prefix'
565 566 567 569 570 

* get_num
0 

* get_params_missing_names
473 

* get_typ_ret_lkind
505 

* get_width'
22 23 24 

* is_trailing_action'
291 292 293 294 295 

* join_flow
503 

* joins_ctk
500 501 

* merge_cstr
1260 

* merge_cstr'
1262 1263 1266 1267 1268 1269 1270 

* reduce_senum_unary
1109 1111 

* reduce_senums_binary
1113 1115 1116 1118 

* resolve_cstrs
1274 

* size
462 

* size_maxSizeInBits''
468 469 470 471 472 

* size_minSizeInBits''
463 464 465 466 467 

* specialize_consdef
20 21 

* specialize_funcdef
16 17 

* specialize_typdef
10 12 

* split_methods
1164 

* subst_funcdef
8 9 

* subst_typdef_poly
6 7 

* un_bnot
296 

* un_lnot
297 

* un_minus
299 

* un_plus
298 

* update_fdenv_extern
1157 1158 1159 1161 1162 

* update_state
571 

