Running instantiate tests on 43 files


>>> Running instantiate test on ../../../testdata/petr4/program/well-typed/bitstring_slices.p4
Instantiate success: 7 objects

>>> Running instantiate test on ../../../testdata/petr4/program/well-typed/bitstrings.p4
Instantiate success: 7 objects

>>> Running instantiate test on ../../../testdata/petr4/program/well-typed/bitstrings2.p4
Instantiate success: 7 objects

>>> Running instantiate test on ../../../testdata/petr4/program/well-typed/bool.p4
Instantiate success: 7 objects

>>> Running instantiate test on ../../../testdata/petr4/program/well-typed/bool2.p4
Instantiate success: 7 objects

>>> Running instantiate test on ../../../testdata/petr4/program/well-typed/casts.p4
Instantiate success: 7 objects

>>> Running instantiate test on ../../../testdata/petr4/program/well-typed/counter.p4
Instantiate success: 10 objects

>>> Running instantiate test on ../../../testdata/petr4/program/well-typed/equality.p4
Instantiate success: 7 objects

>>> Running instantiate test on ../../../testdata/petr4/program/well-typed/error2.p4
Instantiate success: 7 objects

>>> Running instantiate test on ../../../testdata/petr4/program/well-typed/exit.p4
Instantiate success: 7 objects

>>> Running instantiate test on ../../../testdata/petr4/program/well-typed/extraction.p4
Instantiate success: 7 objects

>>> Running instantiate test on ../../../testdata/petr4/program/well-typed/function_scoping.p4
Instantiate success: 7 objects

>>> Running instantiate test on ../../../testdata/petr4/program/well-typed/hash_identity.p4
Instantiate success: 7 objects

>>> Running instantiate test on ../../../testdata/petr4/program/well-typed/header-test.p4
Instantiate success: 7 objects

>>> Running instantiate test on ../../../testdata/petr4/program/well-typed/hello.p4
Instantiate success: 7 objects

>>> Running instantiate test on ../../../testdata/petr4/program/well-typed/int.p4
Instantiate success: 7 objects

>>> Running instantiate test on ../../../testdata/petr4/program/well-typed/int2.p4
Instantiate success: 7 objects

>>> Running instantiate test on ../../../testdata/petr4/program/well-typed/issue235.p4
Instantiate success: 7 objects

>>> Running instantiate test on ../../../testdata/petr4/program/well-typed/issue393-1.p4
Instantiate success: 8 objects

>>> Running instantiate test on ../../../testdata/petr4/program/well-typed/masks.p4
Instantiate success: 7 objects

>>> Running instantiate test on ../../../testdata/petr4/program/well-typed/multiple-calls.p4
Instantiate success: 8 objects

>>> Running instantiate test on ../../../testdata/petr4/program/well-typed/named-arg-copy-out.p4
Instantiate success: 7 objects

>>> Running instantiate test on ../../../testdata/petr4/program/well-typed/named-arg.p4
Instantiate success: 7 objects

>>> Running instantiate test on ../../../testdata/petr4/program/well-typed/out_params.p4
Instantiate success: 7 objects

>>> Running instantiate test on ../../../testdata/petr4/program/well-typed/parser-locators-stack.p4
Instantiate success: 7 objects

>>> Running instantiate test on ../../../testdata/petr4/program/well-typed/parser-locators.p4
Instantiate success: 7 objects

>>> Running instantiate test on ../../../testdata/petr4/program/well-typed/parsing.p4
Instantiate success: 7 objects

>>> Running instantiate test on ../../../testdata/petr4/program/well-typed/ranges.p4
Instantiate success: 7 objects

>>> Running instantiate test on ../../../testdata/petr4/program/well-typed/rawint.p4
Instantiate success: 7 objects

>>> Running instantiate test on ../../../testdata/petr4/program/well-typed/register.p4
Instantiate success: 8 objects

>>> Running instantiate test on ../../../testdata/petr4/program/well-typed/scope.p4
Instantiate success: 7 objects

>>> Running instantiate test on ../../../testdata/petr4/program/well-typed/shifts.p4
Instantiate success: 7 objects

>>> Running instantiate test on ../../../testdata/petr4/program/well-typed/simple_function.p4
Instantiate success: 7 objects

>>> Running instantiate test on ../../../testdata/petr4/program/well-typed/stack.p4
Instantiate success: 7 objects

>>> Running instantiate test on ../../../testdata/petr4/program/well-typed/struct.p4
Instantiate success: 7 objects

>>> Running instantiate test on ../../../testdata/petr4/program/well-typed/subcontrol.p4
Instantiate success: 8 objects

>>> Running instantiate test on ../../../testdata/petr4/program/well-typed/switch-stmt.p4
Instantiate success: 8 objects

>>> Running instantiate test on ../../../testdata/petr4/program/well-typed/table.p4
Instantiate success: 8 objects

>>> Running instantiate test on ../../../testdata/petr4/program/well-typed/table2.p4
Instantiate success: 8 objects

>>> Running instantiate test on ../../../testdata/petr4/program/well-typed/table3.p4
Instantiate success: 8 objects

>>> Running instantiate test on ../../../testdata/petr4/program/well-typed/union.p4
Instantiate success: 7 objects

>>> Running instantiate test on ../../../testdata/petr4/program/well-typed/uop.p4
Instantiate success: 7 objects

>>> Running instantiate test on ../../../testdata/petr4/program/well-typed/zero.p4
Instantiate success: 7 objects

Parser on file: [PASS] 43/43 (100.00%) [FAIL] 0/43 (0.00%)
Typecheck: [PASS] 43/43 (100.00%) [FAIL] 0/43 (0.00%)
Instantiate: [PASS] 43/43 (100.00%) [FAIL] 0/43 (0.00%)
