Cannot find file for ../../../testdata/p4c/stf/ebpf/hit_ebpf.stf in ../../../testdata/p4c/program/well-typed
Cannot find file for ../../../testdata/p4c/stf/ebpf/issue870_ebpf.stf in ../../../testdata/p4c/program/well-typed
Cannot find file for ../../../testdata/p4c/stf/ebpf/key-issue-1020_ebpf.stf in ../../../testdata/p4c/program/well-typed
Cannot find file for ../../../testdata/p4c/stf/ebpf/key_ebpf.stf in ../../../testdata/p4c/program/well-typed
Cannot find file for ../../../testdata/p4c/stf/ebpf/lpm_ebpf.stf in ../../../testdata/p4c/program/well-typed
Cannot find file for ../../../testdata/p4c/stf/ebpf/switch_ebpf.stf in ../../../testdata/p4c/program/well-typed
Cannot find file for ../../../testdata/p4c/stf/ebpf/test_ebpf.stf in ../../../testdata/p4c/program/well-typed
Cannot find file for ../../../testdata/p4c/stf/ebpf/two_ebpf.stf in ../../../testdata/p4c/program/well-typed
Cannot find file for ../../../testdata/p4c/stf/ebpf/valid_ebpf.stf in ../../../testdata/p4c/program/well-typed
Running run tests on 8 files


>>> Running run test on ../../../testdata/p4c/program/well-typed/action_call_ebpf.p4 with ../../../testdata/p4c/stf/ebpf/action_call_ebpf.stf
[PASS] Expected: 0 0000000000000000000000000000000000000000ABCDEF01 / Got: 0 0000000000000000000000000000000000000000ABCDEF01
[PASS] Expected: 0 001B17000130B88198B7AEB70800450000344A6F4000400653920A0198453212C86ACF2C01BBD0FA585C4CCCB2AC80100353C31400000101080A0192463911A0C06F / Got: 0 001B17000130B88198B7AEB70800450000344A6F4000400653920A0198453212C86ACF2C01BBD0FA585C4CCCB2AC80100353C31400000101080A0192463911A0C06F
[PASS] Expected: 0 000000000000000000000000000000000000000000010000 / Got: 0 000000000000000000000000000000000000000000010000
[PASS] Expected: 0 000000000000000000000000000000000000000000011000 / Got: 0 000000000000000000000000000000000000000000011000
[PASS] Expected: 0 001B17000130B88198B7AEB70800450000344A6F4000400653920A0198453212C86ACF2C01BBD0FA585C4CCCB2AC80100353C31400000101080A0192463911A0C06E / Got: 0 001B17000130B88198B7AEB70800450000344A6F4000400653920A0198453212C86ACF2C01BBD0FA585C4CCCB2AC80100353C31400000101080A0192463911A0C06E
Run success

>>> Running run test on ../../../testdata/p4c/program/well-typed/action_call_table_ebpf.p4 with ../../../testdata/p4c/stf/ebpf/action_call_table_ebpf.stf
Error: unknown error
>>>>> Rerunning run test on ../../../testdata/p4c/program/well-typed/action_call_table_ebpf.p4 with ../../../testdata/p4c/stf/ebpf-patch/action_call_table_ebpf.stf
[PASS] Expected: 0 0000000000000000000000000000000000000000ABCDEF01 / Got: 0 0000000000000000000000000000000000000000ABCDEF01
[PASS] Expected: 0 001B17000130B88198B7AEB70800450000344A6F4000400653920A0198453212C86ACF2C01BBD0FA585C4CCCB2AC80100353C31400000101080A0192463911A0C06F / Got: 0 001B17000130B88198B7AEB70800450000344A6F4000400653920A0198453212C86ACF2C01BBD0FA585C4CCCB2AC80100353C31400000101080A0192463911A0C06F
[PASS] Expected: 1 000000000000000000000000000000000000000000010000 / Got: 1 000000000000000000000000000000000000000000010000
[PASS] Expected: 0 000000000000000000000000000000000000000000011000 / Got: 0 000000000000000000000000000000000000000000011000
[PASS] Expected: 1 001B17000130B88198B7AEB70800450000344A6F4000400653920A0198453212C86ACF2C01BBD0FA585C4CCCB2AC80100353C31400000101080A0192463911A0C06E / Got: 1 001B17000130B88198B7AEB70800450000344A6F4000400653920A0198453212C86ACF2C01BBD0FA585C4CCCB2AC80100353C31400000101080A0192463911A0C06E
Run success

>>> Running run test on ../../../testdata/p4c/program/well-typed/advance_ebpf.p4 with ../../../testdata/p4c/stf/ebpf/advance_ebpf.stf
[PASS] Expected: 0 000000000000000000000000000000000001 / Got: 0 000000000000000000000000000000000001
Run success

>>> Running run test on ../../../testdata/p4c/program/well-typed/count_ebpf.p4 with ../../../testdata/p4c/stf/ebpf/count_ebpf.stf
[PASS] Expected: 0 001B17000130B88198B7AEB70800450000344A6F4000400653920A0198453212C86ACF2C01BBD0FA585C4CCCB2AC80100353C31400000101080A0192463911A0C06F / Got: 0 001B17000130B88198B7AEB70800450000344A6F4000400653920A0198453212C86ACF2C01BBD0FA585C4CCCB2AC80100353C31400000101080A0192463911A0C06F
[PASS] Expected: 0 001B17000130B88198B7AEB70800450000344A6F4000400653920A0198453212C86ACF2C01BBD0FA585C4CCCB2AC80100353C31400000101080A0192463911A0C06E / Got: 0 001B17000130B88198B7AEB70800450000344A6F4000400653920A0198453212C86ACF2C01BBD0FA585C4CCCB2AC80100353C31400000101080A0192463911A0C06E
Run success

>>> Running run test on ../../../testdata/p4c/program/well-typed/ebpf_checksum_extern.p4 with ../../../testdata/p4c/stf/ebpf/ebpf_checksum_extern.stf
Error on driver: (TODO: eval_extern_func_call) verify_ipv4_checksum(iphdr)

>>> Running run test on ../../../testdata/p4c/program/well-typed/ebpf_conntrack_extern.p4 with ../../../testdata/p4c/stf/ebpf/ebpf_conntrack_extern.stf
Error on driver: (TODO: eval_extern_func_call) tcp_conntrack(hdrs)

>>> Running run test on ../../../testdata/p4c/program/well-typed/length_ebpf.p4 with ../../../testdata/p4c/stf/ebpf/length_ebpf.stf
[PASS] Expected: 0 00000000000000000000000000000000 / Got: 0 00000000000000000000000000000000
Run success

>>> Running run test on ../../../testdata/p4c/program/well-typed/verify_ebpf.p4 with ../../../testdata/p4c/stf/ebpf/verify_ebpf.stf
[PASS] Expected: 0 0100000000000000000000000000000000000000ABCDEF01 / Got: 0 0100000000000000000000000000000000000000ABCDEF01
Run success

Parser on file: [PASS] 8/8 (100.00%) [FAIL] 0/8 (0.00%)
Typecheck: [PASS] 8/8 (100.00%) [FAIL] 0/8 (0.00%)
Instantiate: [PASS] 8/8 (100.00%) [FAIL] 0/8 (0.00%)
Run: [PASS] 6/8 (75.00%) [FAIL] 2/8 (25.00%)
